exit status 1
./foo.go:5:2: commentedOutImport: remove commented-out "os" import
./foo.go:6:2: commentedOutImport: remove commented-out "fmt" import
./foo.go:6:2: commentedOutImport: remove commented-out "strconv" import
./foo.go:12:2: commentedOutImport: remove commented-out "foo/bar" import
./foo.go:13:2: commentedOutImport: remove commented-out "foo/bar/baz" import